[2026-06-07 09:28:52,747] INFO - utils.logger - ================================================================================
[2026-06-07 09:28:52,747] INFO - utils.logger - INICIANDO BANCO DE TALENTOS
[2026-06-07 09:28:52,748] INFO - utils.logger - ================================================================================
[2026-06-07 09:28:55,848] INFO - config.microsoft_graph -  Microsoft Graph configurado com sucesso
[2026-06-07 09:28:55,849] INFO - main - ================================================================================
[2026-06-07 09:28:55,849] INFO - main -  INICIANDO BANCO DE TALENTOS
[2026-06-07 09:28:55,850] INFO - main - ================================================================================
[2026-06-07 09:28:55,850] INFO - main - 
ETAPA 1: CAPTURANDO ARQUIVOS
[2026-06-07 09:28:55,850] INFO - main - --------------------------------------------------------------------------------
[2026-06-07 09:28:55,850] INFO - main - 
Processando e-mails...
[2026-06-07 09:28:55,850] INFO - modules.email_reader -  Iniciando leitura de e-mails...
[2026-06-07 09:28:56,109] INFO - config.microsoft_graph -  Token de acesso obtido com sucesso
[2026-06-07 09:28:57,070] INFO - modules.email_reader -  0 e-mails encontrados
[2026-06-07 09:28:57,072] INFO - modules.email_reader -  Total de arquivos baixados do e-mail: 0
[2026-06-07 09:28:57,072] INFO - main - 
Total de arquivos capturados: 0
[2026-06-07 09:28:57,072] WARNING - main - Nenhum arquivo foi capturado
[2026-06-07 09:28:57,073] INFO - main - 
================================================================================
[2026-06-07 09:28:57,073] INFO - main -  RESUMO DA EXECUÇÃO
[2026-06-07 09:28:57,073] INFO - main - ================================================================================
[2026-06-07 09:28:57,073] INFO - main -  E-mails processados: 0
[2026-06-07 09:28:57,073] INFO - main -  Mensagens WhatsApp processadas: 0
[2026-06-07 09:28:57,074] INFO - main -  Total de arquivos baixados: 0
[2026-06-07 09:28:57,074] INFO - main -  Arquivos processados: 0
[2026-06-07 09:28:57,074] INFO - main -  Novos candidatos: 0
[2026-06-07 09:28:57,074] INFO - main -  Candidatos atualizados: 0
[2026-06-07 09:28:57,074] INFO - main - Sem mudanças: 0
[2026-06-07 09:28:57,074] INFO - main -  Erros: 0
[2026-06-07 09:28:57,700] INFO - config.mongodb -  Conectado ao MongoDB: Banco_de_Talentos
[2026-06-07 09:28:58,361] INFO - config.mongodb - Indices criados/verificados no MongoDB
[2026-06-07 09:28:58,538] ERROR - modules.mongodb_handler - Erro ao criar índices do MongoDB: An existing index has the same name as the requested index. When index names are not specified, they are auto generated and can cause conflicts. Please refer to our documentation. Requested index: { v: 2, key: { id_controle: 1 }, name: "id_controle_1" }, existing index: { v: 2, unique: true, key: { id_controle: 1 }, name: "id_controle_1", sparse: true }, full error: {'ok': 0.0, 'errmsg': 'An existing index has the same name as the requested index. When index names are not specified, they are auto generated and can cause conflicts. Please refer to our documentation. Requested index: { v: 2, key: { id_controle: 1 }, name: "id_controle_1" }, existing index: { v: 2, unique: true, key: { id_controle: 1 }, name: "id_controle_1", sparse: true }', 'code': 86, 'codeName': 'IndexKeySpecsConflict', '$clusterTime': {'clusterTime': Timestamp(1780835338, 5), 'signature': {'hash': b'~\x89l\xcf\xea\xb3\x89\x8c\xc90a;\x97\x81z,[\xd9(\xf4', 'keyId': 7592296818231214096}}, 'operationTime': Timestamp(1780835338, 5)}
[2026-06-07 09:28:58,791] INFO - modules.mongodb_handler -  Estatsticas: {'total_candidatos': 1363, 'origem_email': 1363, 'origem_whatsapp': 0, 'com_email': 1362, 'com_telefone': 1242}
[2026-06-07 09:28:58,791] INFO - main - 
 Estatísticas do MongoDB:
[2026-06-07 09:28:58,792] INFO - main -   Total de candidatos: 1363
[2026-06-07 09:28:58,792] INFO - main -   Origem E-mail: 1363
[2026-06-07 09:28:58,792] INFO - main -   Origem WhatsApp: 0
[2026-06-07 09:28:58,792] INFO - main -   Com E-mail: 1362
[2026-06-07 09:28:58,793] INFO - main -   Com Telefone: 1242
[2026-06-07 09:28:58,793] INFO - main - ================================================================================
[2026-06-07 09:28:58,940] ERROR - modules.mongodb_handler - Erro ao criar índices do MongoDB: An existing index has the same name as the requested index. When index names are not specified, they are auto generated and can cause conflicts. Please refer to our documentation. Requested index: { v: 2, key: { id_controle: 1 }, name: "id_controle_1" }, existing index: { v: 2, unique: true, key: { id_controle: 1 }, name: "id_controle_1", sparse: true }, full error: {'ok': 0.0, 'errmsg': 'An existing index has the same name as the requested index. When index names are not specified, they are auto generated and can cause conflicts. Please refer to our documentation. Requested index: { v: 2, key: { id_controle: 1 }, name: "id_controle_1" }, existing index: { v: 2, unique: true, key: { id_controle: 1 }, name: "id_controle_1", sparse: true }', 'code': 86, 'codeName': 'IndexKeySpecsConflict', '$clusterTime': {'clusterTime': Timestamp(1780835338, 6), 'signature': {'hash': b'~\x89l\xcf\xea\xb3\x89\x8c\xc90a;\x97\x81z,[\xd9(\xf4', 'keyId': 7592296818231214096}}, 'operationTime': Timestamp(1780835338, 6)}
[2026-06-07 09:28:59,210] INFO - modules.mongodb_handler -  Estatsticas: {'total_candidatos': 1363, 'origem_email': 1363, 'origem_whatsapp': 0, 'com_email': 1362, 'com_telefone': 1242}
[2026-06-07 09:28:59,211] INFO - config.microsoft_graph -  Token de acesso obtido com sucesso
